PHPUnit 12.5.24 by Sebastian Bergmann and contributors.

Runtime:       PHP 8.3.29
Configuration: C:\Users\Dimas Pratama\Documents\!Tugas Kuliah\SEMESTER 6\CAPSTONE\UPDATE FINAL\BACKUP 3\quickdine\phpunit.xml

[31;1mE[0m[31;1mE[0m                                                                  2 / 2 (100%)

Time: 00:00.596, Memory: 48.00 MB

There were 2 errors:

1) Tests\Feature\OrderFeatureTest::test_guest_can_create_dine_in_order_and_stock_is_reduced
Illuminate\Database\QueryException: could not find driver (Connection: sqlite, Database: :memory:, SQL: select exists (select 1 from "main".sqlite_master where name = 'migrations' and type = 'table') as "exists")

C:\Users\Dimas Pratama\Documents\!Tugas Kuliah\SEMESTER 6\CAPSTONE\UPDATE FINAL\BACKUP 3\quickdine\vendor\laravel\framework\src\Illuminate\Database\Connection.php:841
C:\Users\Dimas Pratama\Documents\!Tugas Kuliah\SEMESTER 6\CAPSTONE\UPDATE FINAL\BACKUP 3\quickdine\vendor\laravel\framework\src\Illuminate\Database\Connection.php:797
C:\Users\Dimas Pratama\Documents\!Tugas Kuliah\SEMESTER 6\CAPSTONE\UPDATE FINAL\BACKUP 3\quickdine\vendor\laravel\framework\src\Illuminate\Database\Connection.php:412
C:\Users\Dimas Pratama\Documents\!Tugas Kuliah\SEMESTER 6\CAPSTONE\UPDATE FINAL\BACKUP 3\quickdine\vendor\laravel\framework\src\Illuminate\Database\Connection.php:357
C:\Users\Dimas Pratama\Documents\!Tugas Kuliah\SEMESTER 6\CAPSTONE\UPDATE FINAL\BACKUP 3\quickdine\vendor\laravel\framework\src\Illuminate\Database\Connection.php:374
C:\Users\Dimas Pratama\Documents\!Tugas Kuliah\SEMESTER 6\CAPSTONE\UPDATE FINAL\BACKUP 3\quickdine\vendor\laravel\framework\src\Illuminate\Database\Schema\Builder.php:176
C:\Users\Dimas Pratama\Documents\!Tugas Kuliah\SEMESTER 6\CAPSTONE\UPDATE FINAL\BACKUP 3\quickdine\vendor\laravel\framework\src\Illuminate\Database\Migrations\DatabaseMigrationRepository.php:185
C:\Users\Dimas Pratama\Documents\!Tugas Kuliah\SEMESTER 6\CAPSTONE\UPDATE FINAL\BACKUP 3\quickdine\vendor\laravel\framework\src\Illuminate\Database\Migrations\Migrator.php:758
C:\Users\Dimas Pratama\Documents\!Tugas Kuliah\SEMESTER 6\CAPSTONE\UPDATE FINAL\BACKUP 3\quickdine\vendor\laravel\framework\src\Illuminate\Database\Console\Migrations\MigrateCommand.php:166
C:\Users\Dimas Pratama\Documents\!Tugas Kuliah\SEMESTER 6\CAPSTONE\UPDATE FINAL\BACKUP 3\quickdine\vendor\laravel\framework\src\Illuminate\Support\helpers.php:328
C:\Users\Dimas Pratama\Documents\!Tugas Kuliah\SEMESTER 6\CAPSTONE\UPDATE FINAL\BACKUP 3\quickdine\vendor\laravel\framework\src\Illuminate\Database\Console\Migrations\MigrateCommand.php:166
C:\Users\Dimas Pratama\Documents\!Tugas Kuliah\SEMESTER 6\CAPSTONE\UPDATE FINAL\BACKUP 3\quickdine\vendor\laravel\framework\src\Illuminate\Database\Console\Migrations\MigrateCommand.php:142
C:\Users\Dimas Pratama\Documents\!Tugas Kuliah\SEMESTER 6\CAPSTONE\UPDATE FINAL\BACKUP 3\quickdine\vendor\laravel\framework\src\Illuminate\Database\Console\Migrations\MigrateCommand.php:112
C:\Users\Dimas Pratama\Documents\!Tugas Kuliah\SEMESTER 6\CAPSTONE\UPDATE FINAL\BACKUP 3\quickdine\vendor\laravel\framework\src\Illuminate\Database\Migrations\Migrator.php:671
C:\Users\Dimas Pratama\Documents\!Tugas Kuliah\SEMESTER 6\CAPSTONE\UPDATE FINAL\BACKUP 3\quickdine\vendor\laravel\framework\src\Illuminate\Database\Console\Migrations\MigrateCommand.php:111
C:\Users\Dimas Pratama\Documents\!Tugas Kuliah\SEMESTER 6\CAPSTONE\UPDATE FINAL\BACKUP 3\quickdine\vendor\laravel\framework\src\Illuminate\Database\Console\Migrations\MigrateCommand.php:90
C:\Users\Dimas Pratama\Documents\!Tugas Kuliah\SEMESTER 6\CAPSTONE\UPDATE FINAL\BACKUP 3\quickdine\vendor\laravel\framework\src\Illuminate\Container\BoundMethod.php:36
C:\Users\Dimas Pratama\Documents\!Tugas Kuliah\SEMESTER 6\CAPSTONE\UPDATE FINAL\BACKUP 3\quickdine\vendor\laravel\framework\src\Illuminate\Container\Util.php:43
C:\Users\Dimas Pratama\Documents\!Tugas Kuliah\SEMESTER 6\CAPSTONE\UPDATE FINAL\BACKUP 3\quickdine\vendor\laravel\framework\src\Illuminate\Container\BoundMethod.php:96
C:\Users\Dimas Pratama\Documents\!Tugas Kuliah\SEMESTER 6\CAPSTONE\UPDATE FINAL\BACKUP 3\quickdine\vendor\laravel\framework\src\Illuminate\Container\BoundMethod.php:35
C:\Users\Dimas Pratama\Documents\!Tugas Kuliah\SEMESTER 6\CAPSTONE\UPDATE FINAL\BACKUP 3\quickdine\vendor\laravel\framework\src\Illuminate\Container\Container.php:799
C:\Users\Dimas Pratama\Documents\!Tugas Kuliah\SEMESTER 6\CAPSTONE\UPDATE FINAL\BACKUP 3\quickdine\vendor\laravel\framework\src\Illuminate\Console\Command.php:280
C:\Users\Dimas Pratama\Documents\!Tugas Kuliah\SEMESTER 6\CAPSTONE\UPDATE FINAL\BACKUP 3\quickdine\vendor\symfony\console\Command\Command.php:341
C:\Users\Dimas Pratama\Documents\!Tugas Kuliah\SEMESTER 6\CAPSTONE\UPDATE FINAL\BACKUP 3\quickdine\vendor\laravel\framework\src\Illuminate\Console\Command.php:249
C:\Users\Dimas Pratama\Documents\!Tugas Kuliah\SEMESTER 6\CAPSTONE\UPDATE FINAL\BACKUP 3\quickdine\vendor\laravel\framework\src\Illuminate\Console\Concerns\CallsCommands.php:68
C:\Users\Dimas Pratama\Documents\!Tugas Kuliah\SEMESTER 6\CAPSTONE\UPDATE FINAL\BACKUP 3\quickdine\vendor\laravel\framework\src\Illuminate\Console\Concerns\CallsCommands.php:29
C:\Users\Dimas Pratama\Documents\!Tugas Kuliah\SEMESTER 6\CAPSTONE\UPDATE FINAL\BACKUP 3\quickdine\vendor\laravel\framework\src\Illuminate\Database\Console\Migrations\FreshCommand.php:88
C:\Users\Dimas Pratama\Documents\!Tugas Kuliah\SEMESTER 6\CAPSTONE\UPDATE FINAL\BACKUP 3\quickdine\vendor\laravel\framework\src\Illuminate\Container\BoundMethod.php:36
C:\Users\Dimas Pratama\Documents\!Tugas Kuliah\SEMESTER 6\CAPSTONE\UPDATE FINAL\BACKUP 3\quickdine\vendor\laravel\framework\src\Illuminate\Container\Util.php:43
C:\Users\Dimas Pratama\Documents\!Tugas Kuliah\SEMESTER 6\CAPSTONE\UPDATE FINAL\BACKUP 3\quickdine\vendor\laravel\framework\src\Illuminate\Container\BoundMethod.php:96
C:\Users\Dimas Pratama\Documents\!Tugas Kuliah\SEMESTER 6\CAPSTONE\UPDATE FINAL\BACKUP 3\quickdine\vendor\laravel\framework\src\Illuminate\Container\BoundMethod.php:35
C:\Users\Dimas Pratama\Documents\!Tugas Kuliah\SEMESTER 6\CAPSTONE\UPDATE FINAL\BACKUP 3\quickdine\vendor\laravel\framework\src\Illuminate\Container\Container.php:799
C:\Users\Dimas Pratama\Documents\!Tugas Kuliah\SEMESTER 6\CAPSTONE\UPDATE FINAL\BACKUP 3\quickdine\vendor\laravel\framework\src\Illuminate\Console\Command.php:280
C:\Users\Dimas Pratama\Documents\!Tugas Kuliah\SEMESTER 6\CAPSTONE\UPDATE FINAL\BACKUP 3\quickdine\vendor\symfony\console\Command\Command.php:341
C:\Users\Dimas Pratama\Documents\!Tugas Kuliah\SEMESTER 6\CAPSTONE\UPDATE FINAL\BACKUP 3\quickdine\vendor\laravel\framework\src\Illuminate\Console\Command.php:249
C:\Users\Dimas Pratama\Documents\!Tugas Kuliah\SEMESTER 6\CAPSTONE\UPDATE FINAL\BACKUP 3\quickdine\vendor\symfony\console\Application.php:1094
C:\Users\Dimas Pratama\Documents\!Tugas Kuliah\SEMESTER 6\CAPSTONE\UPDATE FINAL\BACKUP 3\quickdine\vendor\symfony\console\Application.php:356
C:\Users\Dimas Pratama\Documents\!Tugas Kuliah\SEMESTER 6\CAPSTONE\UPDATE FINAL\BACKUP 3\quickdine\vendor\symfony\console\Application.php:195
C:\Users\Dimas Pratama\Documents\!Tugas Kuliah\SEMESTER 6\CAPSTONE\UPDATE FINAL\BACKUP 3\quickdine\vendor\laravel\framework\src\Illuminate\Console\Application.php:165
C:\Users\Dimas Pratama\Documents\!Tugas Kuliah\SEMESTER 6\CAPSTONE\UPDATE FINAL\BACKUP 3\quickdine\vendor\laravel\framework\src\Illuminate\Foundation\Console\Kernel.php:447
C:\Users\Dimas Pratama\Documents\!Tugas Kuliah\SEMESTER 6\CAPSTONE\UPDATE FINAL\BACKUP 3\quickdine\vendor\laravel\framework\src\Illuminate\Testing\PendingCommand.php:451
C:\Users\Dimas Pratama\Documents\!Tugas Kuliah\SEMESTER 6\CAPSTONE\UPDATE FINAL\BACKUP 3\quickdine\vendor\laravel\framework\src\Illuminate\Testing\PendingCommand.php:675
C:\Users\Dimas Pratama\Documents\!Tugas Kuliah\SEMESTER 6\CAPSTONE\UPDATE FINAL\BACKUP 3\quickdine\vendor\laravel\framework\src\Illuminate\Foundation\Testing\Concerns\InteractsWithConsole.php:87
C:\Users\Dimas Pratama\Documents\!Tugas Kuliah\SEMESTER 6\CAPSTONE\UPDATE FINAL\BACKUP 3\quickdine\vendor\laravel\framework\src\Illuminate\Foundation\Testing\RefreshDatabase.php:119
C:\Users\Dimas Pratama\Documents\!Tugas Kuliah\SEMESTER 6\CAPSTONE\UPDATE FINAL\BACKUP 3\quickdine\vendor\laravel\framework\src\Illuminate\Foundation\Testing\RefreshDatabase.php:84
C:\Users\Dimas Pratama\Documents\!Tugas Kuliah\SEMESTER 6\CAPSTONE\UPDATE FINAL\BACKUP 3\quickdine\vendor\laravel\framework\src\Illuminate\Foundation\Testing\RefreshDatabase.php:25
C:\Users\Dimas Pratama\Documents\!Tugas Kuliah\SEMESTER 6\CAPSTONE\UPDATE FINAL\BACKUP 3\quickdine\vendor\laravel\framework\src\Illuminate\Foundation\Testing\Concerns\InteractsWithTestCaseLifecycle.php:225
C:\Users\Dimas Pratama\Documents\!Tugas Kuliah\SEMESTER 6\CAPSTONE\UPDATE FINAL\BACKUP 3\quickdine\vendor\laravel\framework\src\Illuminate\Foundation\Testing\Concerns\InteractsWithTestCaseLifecycle.php:105
C:\Users\Dimas Pratama\Documents\!Tugas Kuliah\SEMESTER 6\CAPSTONE\UPDATE FINAL\BACKUP 3\quickdine\vendor\laravel\framework\src\Illuminate\Foundation\Testing\TestCase.php:75
C:\Users\Dimas Pratama\Documents\!Tugas Kuliah\SEMESTER 6\CAPSTONE\UPDATE FINAL\BACKUP 3\quickdine\tests\Feature\OrderFeatureTest.php:21

Caused by
PDOException: could not find driver

C:\Users\Dimas Pratama\Documents\!Tugas Kuliah\SEMESTER 6\CAPSTONE\UPDATE FINAL\BACKUP 3\quickdine\vendor\laravel\framework\src\Illuminate\Database\Connectors\Connector.php:66
C:\Users\Dimas Pratama\Documents\!Tugas Kuliah\SEMESTER 6\CAPSTONE\UPDATE FINAL\BACKUP 3\quickdine\vendor\laravel\framework\src\Illuminate\Database\Connectors\Connector.php:44
C:\Users\Dimas Pratama\Documents\!Tugas Kuliah\SEMESTER 6\CAPSTONE\UPDATE FINAL\BACKUP 3\quickdine\vendor\laravel\framework\src\Illuminate\Database\Connectors\SQLiteConnector.php:21
C:\Users\Dimas Pratama\Documents\!Tugas Kuliah\SEMESTER 6\CAPSTONE\UPDATE FINAL\BACKUP 3\quickdine\vendor\laravel\framework\src\Illuminate\Database\Connectors\ConnectionFactory.php:227
C:\Users\Dimas Pratama\Documents\!Tugas Kuliah\SEMESTER 6\CAPSTONE\UPDATE FINAL\BACKUP 3\quickdine\vendor\laravel\framework\src\Illuminate\Database\Connection.php:1279
C:\Users\Dimas Pratama\Documents\!Tugas Kuliah\SEMESTER 6\CAPSTONE\UPDATE FINAL\BACKUP 3\quickdine\vendor\laravel\framework\src\Illuminate\Database\Connection.php:1317
C:\Users\Dimas Pratama\Documents\!Tugas Kuliah\SEMESTER 6\CAPSTONE\UPDATE FINAL\BACKUP 3\quickdine\vendor\laravel\framework\src\Illuminate\Database\Connection.php:528
C:\Users\Dimas Pratama\Documents\!Tugas Kuliah\SEMESTER 6\CAPSTONE\UPDATE FINAL\BACKUP 3\quickdine\vendor\laravel\framework\src\Illuminate\Database\Connection.php:421
C:\Users\Dimas Pratama\Documents\!Tugas Kuliah\SEMESTER 6\CAPSTONE\UPDATE FINAL\BACKUP 3\quickdine\vendor\laravel\framework\src\Illuminate\Database\Connection.php:830
C:\Users\Dimas Pratama\Documents\!Tugas Kuliah\SEMESTER 6\CAPSTONE\UPDATE FINAL\BACKUP 3\quickdine\vendor\laravel\framework\src\Illuminate\Database\Connection.php:797
C:\Users\Dimas Pratama\Documents\!Tugas Kuliah\SEMESTER 6\CAPSTONE\UPDATE FINAL\BACKUP 3\quickdine\vendor\laravel\framework\src\Illuminate\Database\Connection.php:412
C:\Users\Dimas Pratama\Documents\!Tugas Kuliah\SEMESTER 6\CAPSTONE\UPDATE FINAL\BACKUP 3\quickdine\vendor\laravel\framework\src\Illuminate\Database\Connection.php:357
C:\Users\Dimas Pratama\Documents\!Tugas Kuliah\SEMESTER 6\CAPSTONE\UPDATE FINAL\BACKUP 3\quickdine\vendor\laravel\framework\src\Illuminate\Database\Connection.php:374
C:\Users\Dimas Pratama\Documents\!Tugas Kuliah\SEMESTER 6\CAPSTONE\UPDATE FINAL\BACKUP 3\quickdine\vendor\laravel\framework\src\Illuminate\Database\Schema\Builder.php:176
C:\Users\Dimas Pratama\Documents\!Tugas Kuliah\SEMESTER 6\CAPSTONE\UPDATE FINAL\BACKUP 3\quickdine\vendor\laravel\framework\src\Illuminate\Database\Migrations\DatabaseMigrationRepository.php:185
C:\Users\Dimas Pratama\Documents\!Tugas Kuliah\SEMESTER 6\CAPSTONE\UPDATE FINAL\BACKUP 3\quickdine\vendor\laravel\framework\src\Illuminate\Database\Migrations\Migrator.php:758
C:\Users\Dimas Pratama\Documents\!Tugas Kuliah\SEMESTER 6\CAPSTONE\UPDATE FINAL\BACKUP 3\quickdine\vendor\laravel\framework\src\Illuminate\Database\Console\Migrations\MigrateCommand.php:166
C:\Users\Dimas Pratama\Documents\!Tugas Kuliah\SEMESTER 6\CAPSTONE\UPDATE FINAL\BACKUP 3\quickdine\vendor\laravel\framework\src\Illuminate\Support\helpers.php:328
C:\Users\Dimas Pratama\Documents\!Tugas Kuliah\SEMESTER 6\CAPSTONE\UPDATE FINAL\BACKUP 3\quickdine\vendor\laravel\framework\src\Illuminate\Database\Console\Migrations\MigrateCommand.php:166
C:\Users\Dimas Pratama\Documents\!Tugas Kuliah\SEMESTER 6\CAPSTONE\UPDATE FINAL\BACKUP 3\quickdine\vendor\laravel\framework\src\Illuminate\Database\Console\Migrations\MigrateCommand.php:142
C:\Users\Dimas Pratama\Documents\!Tugas Kuliah\SEMESTER 6\CAPSTONE\UPDATE FINAL\BACKUP 3\quickdine\vendor\laravel\framework\src\Illuminate\Database\Console\Migrations\MigrateCommand.php:112
C:\Users\Dimas Pratama\Documents\!Tugas Kuliah\SEMESTER 6\CAPSTONE\UPDATE FINAL\BACKUP 3\quickdine\vendor\laravel\framework\src\Illuminate\Database\Migrations\Migrator.php:671
C:\Users\Dimas Pratama\Documents\!Tugas Kuliah\SEMESTER 6\CAPSTONE\UPDATE FINAL\BACKUP 3\quickdine\vendor\laravel\framework\src\Illuminate\Database\Console\Migrations\MigrateCommand.php:111
C:\Users\Dimas Pratama\Documents\!Tugas Kuliah\SEMESTER 6\CAPSTONE\UPDATE FINAL\BACKUP 3\quickdine\vendor\laravel\framework\src\Illuminate\Database\Console\Migrations\MigrateCommand.php:90
C:\Users\Dimas Pratama\Documents\!Tugas Kuliah\SEMESTER 6\CAPSTONE\UPDATE FINAL\BACKUP 3\quickdine\vendor\laravel\framework\src\Illuminate\Container\BoundMethod.php:36
C:\Users\Dimas Pratama\Documents\!Tugas Kuliah\SEMESTER 6\CAPSTONE\UPDATE FINAL\BACKUP 3\quickdine\vendor\laravel\framework\src\Illuminate\Container\Util.php:43
C:\Users\Dimas Pratama\Documents\!Tugas Kuliah\SEMESTER 6\CAPSTONE\UPDATE FINAL\BACKUP 3\quickdine\vendor\laravel\framework\src\Illuminate\Container\BoundMethod.php:96
C:\Users\Dimas Pratama\Documents\!Tugas Kuliah\SEMESTER 6\CAPSTONE\UPDATE FINAL\BACKUP 3\quickdine\vendor\laravel\framework\src\Illuminate\Container\BoundMethod.php:35
C:\Users\Dimas Pratama\Documents\!Tugas Kuliah\SEMESTER 6\CAPSTONE\UPDATE FINAL\BACKUP 3\quickdine\vendor\laravel\framework\src\Illuminate\Container\Container.php:799
C:\Users\Dimas Pratama\Documents\!Tugas Kuliah\SEMESTER 6\CAPSTONE\UPDATE FINAL\BACKUP 3\quickdine\vendor\laravel\framework\src\Illuminate\Console\Command.php:280
C:\Users\Dimas Pratama\Documents\!Tugas Kuliah\SEMESTER 6\CAPSTONE\UPDATE FINAL\BACKUP 3\quickdine\vendor\symfony\console\Command\Command.php:341
C:\Users\Dimas Pratama\Documents\!Tugas Kuliah\SEMESTER 6\CAPSTONE\UPDATE FINAL\BACKUP 3\quickdine\vendor\laravel\framework\src\Illuminate\Console\Command.php:249
C:\Users\Dimas Pratama\Documents\!Tugas Kuliah\SEMESTER 6\CAPSTONE\UPDATE FINAL\BACKUP 3\quickdine\vendor\laravel\framework\src\Illuminate\Console\Concerns\CallsCommands.php:68
C:\Users\Dimas Pratama\Documents\!Tugas Kuliah\SEMESTER 6\CAPSTONE\UPDATE FINAL\BACKUP 3\quickdine\vendor\laravel\framework\src\Illuminate\Console\Concerns\CallsCommands.php:29
C:\Users\Dimas Pratama\Documents\!Tugas Kuliah\SEMESTER 6\CAPSTONE\UPDATE FINAL\BACKUP 3\quickdine\vendor\laravel\framework\src\Illuminate\Database\Console\Migrations\FreshCommand.php:88
C:\Users\Dimas Pratama\Documents\!Tugas Kuliah\SEMESTER 6\CAPSTONE\UPDATE FINAL\BACKUP 3\quickdine\vendor\laravel\framework\src\Illuminate\Container\BoundMethod.php:36
C:\Users\Dimas Pratama\Documents\!Tugas Kuliah\SEMESTER 6\CAPSTONE\UPDATE FINAL\BACKUP 3\quickdine\vendor\laravel\framework\src\Illuminate\Container\Util.php:43
C:\Users\Dimas Pratama\Documents\!Tugas Kuliah\SEMESTER 6\CAPSTONE\UPDATE FINAL\BACKUP 3\quickdine\vendor\laravel\framework\src\Illuminate\Container\BoundMethod.php:96
C:\Users\Dimas Pratama\Documents\!Tugas Kuliah\SEMESTER 6\CAPSTONE\UPDATE FINAL\BACKUP 3\quickdine\vendor\laravel\framework\src\Illuminate\Container\BoundMethod.php:35
C:\Users\Dimas Pratama\Documents\!Tugas Kuliah\SEMESTER 6\CAPSTONE\UPDATE FINAL\BACKUP 3\quickdine\vendor\laravel\framework\src\Illuminate\Container\Container.php:799
C:\Users\Dimas Pratama\Documents\!Tugas Kuliah\SEMESTER 6\CAPSTONE\UPDATE FINAL\BACKUP 3\quickdine\vendor\laravel\framework\src\Illuminate\Console\Command.php:280
C:\Users\Dimas Pratama\Documents\!Tugas Kuliah\SEMESTER 6\CAPSTONE\UPDATE FINAL\BACKUP 3\quickdine\vendor\symfony\console\Command\Command.php:341
C:\Users\Dimas Pratama\Documents\!Tugas Kuliah\SEMESTER 6\CAPSTONE\UPDATE FINAL\BACKUP 3\quickdine\vendor\laravel\framework\src\Illuminate\Console\Command.php:249
C:\Users\Dimas Pratama\Documents\!Tugas Kuliah\SEMESTER 6\CAPSTONE\UPDATE FINAL\BACKUP 3\quickdine\vendor\symfony\console\Application.php:1094
C:\Users\Dimas Pratama\Documents\!Tugas Kuliah\SEMESTER 6\CAPSTONE\UPDATE FINAL\BACKUP 3\quickdine\vendor\symfony\console\Application.php:356
C:\Users\Dimas Pratama\Documents\!Tugas Kuliah\SEMESTER 6\CAPSTONE\UPDATE FINAL\BACKUP 3\quickdine\vendor\symfony\console\Application.php:195
C:\Users\Dimas Pratama\Documents\!Tugas Kuliah\SEMESTER 6\CAPSTONE\UPDATE FINAL\BACKUP 3\quickdine\vendor\laravel\framework\src\Illuminate\Console\Application.php:165
C:\Users\Dimas Pratama\Documents\!Tugas Kuliah\SEMESTER 6\CAPSTONE\UPDATE FINAL\BACKUP 3\quickdine\vendor\laravel\framework\src\Illuminate\Foundation\Console\Kernel.php:447
C:\Users\Dimas Pratama\Documents\!Tugas Kuliah\SEMESTER 6\CAPSTONE\UPDATE FINAL\BACKUP 3\quickdine\vendor\laravel\framework\src\Illuminate\Testing\PendingCommand.php:451
C:\Users\Dimas Pratama\Documents\!Tugas Kuliah\SEMESTER 6\CAPSTONE\UPDATE FINAL\BACKUP 3\quickdine\vendor\laravel\framework\src\Illuminate\Testing\PendingCommand.php:675
C:\Users\Dimas Pratama\Documents\!Tugas Kuliah\SEMESTER 6\CAPSTONE\UPDATE FINAL\BACKUP 3\quickdine\vendor\laravel\framework\src\Illuminate\Foundation\Testing\Concerns\InteractsWithConsole.php:87
C:\Users\Dimas Pratama\Documents\!Tugas Kuliah\SEMESTER 6\CAPSTONE\UPDATE FINAL\BACKUP 3\quickdine\vendor\laravel\framework\src\Illuminate\Foundation\Testing\RefreshDatabase.php:119
C:\Users\Dimas Pratama\Documents\!Tugas Kuliah\SEMESTER 6\CAPSTONE\UPDATE FINAL\BACKUP 3\quickdine\vendor\laravel\framework\src\Illuminate\Foundation\Testing\RefreshDatabase.php:84
C:\Users\Dimas Pratama\Documents\!Tugas Kuliah\SEMESTER 6\CAPSTONE\UPDATE FINAL\BACKUP 3\quickdine\vendor\laravel\framework\src\Illuminate\Foundation\Testing\RefreshDatabase.php:25
C:\Users\Dimas Pratama\Documents\!Tugas Kuliah\SEMESTER 6\CAPSTONE\UPDATE FINAL\BACKUP 3\quickdine\vendor\laravel\framework\src\Illuminate\Foundation\Testing\Concerns\InteractsWithTestCaseLifecycle.php:225
C:\Users\Dimas Pratama\Documents\!Tugas Kuliah\SEMESTER 6\CAPSTONE\UPDATE FINAL\BACKUP 3\quickdine\vendor\laravel\framework\src\Illuminate\Foundation\Testing\Concerns\InteractsWithTestCaseLifecycle.php:105
C:\Users\Dimas Pratama\Documents\!Tugas Kuliah\SEMESTER 6\CAPSTONE\UPDATE FINAL\BACKUP 3\quickdine\vendor\laravel\framework\src\Illuminate\Foundation\Testing\TestCase.php:75
C:\Users\Dimas Pratama\Documents\!Tugas Kuliah\SEMESTER 6\CAPSTONE\UPDATE FINAL\BACKUP 3\quickdine\tests\Feature\OrderFeatureTest.php:21

2) Tests\Feature\OrderFeatureTest::test_order_fails_if_stock_is_insufficient
Illuminate\Database\QueryException: could not find driver (Connection: sqlite, Database: :memory:, SQL: select exists (select 1 from "main".sqlite_master where name = 'migrations' and type = 'table') as "exists")

C:\Users\Dimas Pratama\Documents\!Tugas Kuliah\SEMESTER 6\CAPSTONE\UPDATE FINAL\BACKUP 3\quickdine\vendor\laravel\framework\src\Illuminate\Database\Connection.php:841
C:\Users\Dimas Pratama\Documents\!Tugas Kuliah\SEMESTER 6\CAPSTONE\UPDATE FINAL\BACKUP 3\quickdine\vendor\laravel\framework\src\Illuminate\Database\Connection.php:797
C:\Users\Dimas Pratama\Documents\!Tugas Kuliah\SEMESTER 6\CAPSTONE\UPDATE FINAL\BACKUP 3\quickdine\vendor\laravel\framework\src\Illuminate\Database\Connection.php:412
C:\Users\Dimas Pratama\Documents\!Tugas Kuliah\SEMESTER 6\CAPSTONE\UPDATE FINAL\BACKUP 3\quickdine\vendor\laravel\framework\src\Illuminate\Database\Connection.php:357
C:\Users\Dimas Pratama\Documents\!Tugas Kuliah\SEMESTER 6\CAPSTONE\UPDATE FINAL\BACKUP 3\quickdine\vendor\laravel\framework\src\Illuminate\Database\Connection.php:374
C:\Users\Dimas Pratama\Documents\!Tugas Kuliah\SEMESTER 6\CAPSTONE\UPDATE FINAL\BACKUP 3\quickdine\vendor\laravel\framework\src\Illuminate\Database\Schema\Builder.php:176
C:\Users\Dimas Pratama\Documents\!Tugas Kuliah\SEMESTER 6\CAPSTONE\UPDATE FINAL\BACKUP 3\quickdine\vendor\laravel\framework\src\Illuminate\Database\Migrations\DatabaseMigrationRepository.php:185
C:\Users\Dimas Pratama\Documents\!Tugas Kuliah\SEMESTER 6\CAPSTONE\UPDATE FINAL\BACKUP 3\quickdine\vendor\laravel\framework\src\Illuminate\Database\Migrations\Migrator.php:758
C:\Users\Dimas Pratama\Documents\!Tugas Kuliah\SEMESTER 6\CAPSTONE\UPDATE FINAL\BACKUP 3\quickdine\vendor\laravel\framework\src\Illuminate\Database\Console\Migrations\MigrateCommand.php:166
C:\Users\Dimas Pratama\Documents\!Tugas Kuliah\SEMESTER 6\CAPSTONE\UPDATE FINAL\BACKUP 3\quickdine\vendor\laravel\framework\src\Illuminate\Support\helpers.php:328
C:\Users\Dimas Pratama\Documents\!Tugas Kuliah\SEMESTER 6\CAPSTONE\UPDATE FINAL\BACKUP 3\quickdine\vendor\laravel\framework\src\Illuminate\Database\Console\Migrations\MigrateCommand.php:166
C:\Users\Dimas Pratama\Documents\!Tugas Kuliah\SEMESTER 6\CAPSTONE\UPDATE FINAL\BACKUP 3\quickdine\vendor\laravel\framework\src\Illuminate\Database\Console\Migrations\MigrateCommand.php:142
C:\Users\Dimas Pratama\Documents\!Tugas Kuliah\SEMESTER 6\CAPSTONE\UPDATE FINAL\BACKUP 3\quickdine\vendor\laravel\framework\src\Illuminate\Database\Console\Migrations\MigrateCommand.php:112
C:\Users\Dimas Pratama\Documents\!Tugas Kuliah\SEMESTER 6\CAPSTONE\UPDATE FINAL\BACKUP 3\quickdine\vendor\laravel\framework\src\Illuminate\Database\Migrations\Migrator.php:671
C:\Users\Dimas Pratama\Documents\!Tugas Kuliah\SEMESTER 6\CAPSTONE\UPDATE FINAL\BACKUP 3\quickdine\vendor\laravel\framework\src\Illuminate\Database\Console\Migrations\MigrateCommand.php:111
C:\Users\Dimas Pratama\Documents\!Tugas Kuliah\SEMESTER 6\CAPSTONE\UPDATE FINAL\BACKUP 3\quickdine\vendor\laravel\framework\src\Illuminate\Database\Console\Migrations\MigrateCommand.php:90
C:\Users\Dimas Pratama\Documents\!Tugas Kuliah\SEMESTER 6\CAPSTONE\UPDATE FINAL\BACKUP 3\quickdine\vendor\laravel\framework\src\Illuminate\Container\BoundMethod.php:36
C:\Users\Dimas Pratama\Documents\!Tugas Kuliah\SEMESTER 6\CAPSTONE\UPDATE FINAL\BACKUP 3\quickdine\vendor\laravel\framework\src\Illuminate\Container\Util.php:43
C:\Users\Dimas Pratama\Documents\!Tugas Kuliah\SEMESTER 6\CAPSTONE\UPDATE FINAL\BACKUP 3\quickdine\vendor\laravel\framework\src\Illuminate\Container\BoundMethod.php:96
C:\Users\Dimas Pratama\Documents\!Tugas Kuliah\SEMESTER 6\CAPSTONE\UPDATE FINAL\BACKUP 3\quickdine\vendor\laravel\framework\src\Illuminate\Container\BoundMethod.php:35
C:\Users\Dimas Pratama\Documents\!Tugas Kuliah\SEMESTER 6\CAPSTONE\UPDATE FINAL\BACKUP 3\quickdine\vendor\laravel\framework\src\Illuminate\Container\Container.php:799
C:\Users\Dimas Pratama\Documents\!Tugas Kuliah\SEMESTER 6\CAPSTONE\UPDATE FINAL\BACKUP 3\quickdine\vendor\laravel\framework\src\Illuminate\Console\Command.php:280
C:\Users\Dimas Pratama\Documents\!Tugas Kuliah\SEMESTER 6\CAPSTONE\UPDATE FINAL\BACKUP 3\quickdine\vendor\symfony\console\Command\Command.php:341
C:\Users\Dimas Pratama\Documents\!Tugas Kuliah\SEMESTER 6\CAPSTONE\UPDATE FINAL\BACKUP 3\quickdine\vendor\laravel\framework\src\Illuminate\Console\Command.php:249
C:\Users\Dimas Pratama\Documents\!Tugas Kuliah\SEMESTER 6\CAPSTONE\UPDATE FINAL\BACKUP 3\quickdine\vendor\laravel\framework\src\Illuminate\Console\Concerns\CallsCommands.php:68
C:\Users\Dimas Pratama\Documents\!Tugas Kuliah\SEMESTER 6\CAPSTONE\UPDATE FINAL\BACKUP 3\quickdine\vendor\laravel\framework\src\Illuminate\Console\Concerns\CallsCommands.php:29
C:\Users\Dimas Pratama\Documents\!Tugas Kuliah\SEMESTER 6\CAPSTONE\UPDATE FINAL\BACKUP 3\quickdine\vendor\laravel\framework\src\Illuminate\Database\Console\Migrations\FreshCommand.php:88
C:\Users\Dimas Pratama\Documents\!Tugas Kuliah\SEMESTER 6\CAPSTONE\UPDATE FINAL\BACKUP 3\quickdine\vendor\laravel\framework\src\Illuminate\Container\BoundMethod.php:36
C:\Users\Dimas Pratama\Documents\!Tugas Kuliah\SEMESTER 6\CAPSTONE\UPDATE FINAL\BACKUP 3\quickdine\vendor\laravel\framework\src\Illuminate\Container\Util.php:43
C:\Users\Dimas Pratama\Documents\!Tugas Kuliah\SEMESTER 6\CAPSTONE\UPDATE FINAL\BACKUP 3\quickdine\vendor\laravel\framework\src\Illuminate\Container\BoundMethod.php:96
C:\Users\Dimas Pratama\Documents\!Tugas Kuliah\SEMESTER 6\CAPSTONE\UPDATE FINAL\BACKUP 3\quickdine\vendor\laravel\framework\src\Illuminate\Container\BoundMethod.php:35
C:\Users\Dimas Pratama\Documents\!Tugas Kuliah\SEMESTER 6\CAPSTONE\UPDATE FINAL\BACKUP 3\quickdine\vendor\laravel\framework\src\Illuminate\Container\Container.php:799
C:\Users\Dimas Pratama\Documents\!Tugas Kuliah\SEMESTER 6\CAPSTONE\UPDATE FINAL\BACKUP 3\quickdine\vendor\laravel\framework\src\Illuminate\Console\Command.php:280
C:\Users\Dimas Pratama\Documents\!Tugas Kuliah\SEMESTER 6\CAPSTONE\UPDATE FINAL\BACKUP 3\quickdine\vendor\symfony\console\Command\Command.php:341
C:\Users\Dimas Pratama\Documents\!Tugas Kuliah\SEMESTER 6\CAPSTONE\UPDATE FINAL\BACKUP 3\quickdine\vendor\laravel\framework\src\Illuminate\Console\Command.php:249
C:\Users\Dimas Pratama\Documents\!Tugas Kuliah\SEMESTER 6\CAPSTONE\UPDATE FINAL\BACKUP 3\quickdine\vendor\symfony\console\Application.php:1094
C:\Users\Dimas Pratama\Documents\!Tugas Kuliah\SEMESTER 6\CAPSTONE\UPDATE FINAL\BACKUP 3\quickdine\vendor\symfony\console\Application.php:356
C:\Users\Dimas Pratama\Documents\!Tugas Kuliah\SEMESTER 6\CAPSTONE\UPDATE FINAL\BACKUP 3\quickdine\vendor\symfony\console\Application.php:195
C:\Users\Dimas Pratama\Documents\!Tugas Kuliah\SEMESTER 6\CAPSTONE\UPDATE FINAL\BACKUP 3\quickdine\vendor\laravel\framework\src\Illuminate\Console\Application.php:165
C:\Users\Dimas Pratama\Documents\!Tugas Kuliah\SEMESTER 6\CAPSTONE\UPDATE FINAL\BACKUP 3\quickdine\vendor\laravel\framework\src\Illuminate\Foundation\Console\Kernel.php:447
C:\Users\Dimas Pratama\Documents\!Tugas Kuliah\SEMESTER 6\CAPSTONE\UPDATE FINAL\BACKUP 3\quickdine\vendor\laravel\framework\src\Illuminate\Testing\PendingCommand.php:451
C:\Users\Dimas Pratama\Documents\!Tugas Kuliah\SEMESTER 6\CAPSTONE\UPDATE FINAL\BACKUP 3\quickdine\vendor\laravel\framework\src\Illuminate\Testing\PendingCommand.php:675
C:\Users\Dimas Pratama\Documents\!Tugas Kuliah\SEMESTER 6\CAPSTONE\UPDATE FINAL\BACKUP 3\quickdine\vendor\laravel\framework\src\Illuminate\Foundation\Testing\Concerns\InteractsWithConsole.php:87
C:\Users\Dimas Pratama\Documents\!Tugas Kuliah\SEMESTER 6\CAPSTONE\UPDATE FINAL\BACKUP 3\quickdine\vendor\laravel\framework\src\Illuminate\Foundation\Testing\RefreshDatabase.php:119
C:\Users\Dimas Pratama\Documents\!Tugas Kuliah\SEMESTER 6\CAPSTONE\UPDATE FINAL\BACKUP 3\quickdine\vendor\laravel\framework\src\Illuminate\Foundation\Testing\RefreshDatabase.php:84
C:\Users\Dimas Pratama\Documents\!Tugas Kuliah\SEMESTER 6\CAPSTONE\UPDATE FINAL\BACKUP 3\quickdine\vendor\laravel\framework\src\Illuminate\Foundation\Testing\RefreshDatabase.php:25
C:\Users\Dimas Pratama\Documents\!Tugas Kuliah\SEMESTER 6\CAPSTONE\UPDATE FINAL\BACKUP 3\quickdine\vendor\laravel\framework\src\Illuminate\Foundation\Testing\Concerns\InteractsWithTestCaseLifecycle.php:225
C:\Users\Dimas Pratama\Documents\!Tugas Kuliah\SEMESTER 6\CAPSTONE\UPDATE FINAL\BACKUP 3\quickdine\vendor\laravel\framework\src\Illuminate\Foundation\Testing\Concerns\InteractsWithTestCaseLifecycle.php:105
C:\Users\Dimas Pratama\Documents\!Tugas Kuliah\SEMESTER 6\CAPSTONE\UPDATE FINAL\BACKUP 3\quickdine\vendor\laravel\framework\src\Illuminate\Foundation\Testing\TestCase.php:75
C:\Users\Dimas Pratama\Documents\!Tugas Kuliah\SEMESTER 6\CAPSTONE\UPDATE FINAL\BACKUP 3\quickdine\tests\Feature\OrderFeatureTest.php:21

Caused by
PDOException: could not find driver

C:\Users\Dimas Pratama\Documents\!Tugas Kuliah\SEMESTER 6\CAPSTONE\UPDATE FINAL\BACKUP 3\quickdine\vendor\laravel\framework\src\Illuminate\Database\Connectors\Connector.php:66
C:\Users\Dimas Pratama\Documents\!Tugas Kuliah\SEMESTER 6\CAPSTONE\UPDATE FINAL\BACKUP 3\quickdine\vendor\laravel\framework\src\Illuminate\Database\Connectors\Connector.php:44
C:\Users\Dimas Pratama\Documents\!Tugas Kuliah\SEMESTER 6\CAPSTONE\UPDATE FINAL\BACKUP 3\quickdine\vendor\laravel\framework\src\Illuminate\Database\Connectors\SQLiteConnector.php:21
C:\Users\Dimas Pratama\Documents\!Tugas Kuliah\SEMESTER 6\CAPSTONE\UPDATE FINAL\BACKUP 3\quickdine\vendor\laravel\framework\src\Illuminate\Database\Connectors\ConnectionFactory.php:227
C:\Users\Dimas Pratama\Documents\!Tugas Kuliah\SEMESTER 6\CAPSTONE\UPDATE FINAL\BACKUP 3\quickdine\vendor\laravel\framework\src\Illuminate\Database\Connection.php:1279
C:\Users\Dimas Pratama\Documents\!Tugas Kuliah\SEMESTER 6\CAPSTONE\UPDATE FINAL\BACKUP 3\quickdine\vendor\laravel\framework\src\Illuminate\Database\Connection.php:1317
C:\Users\Dimas Pratama\Documents\!Tugas Kuliah\SEMESTER 6\CAPSTONE\UPDATE FINAL\BACKUP 3\quickdine\vendor\laravel\framework\src\Illuminate\Database\Connection.php:528
C:\Users\Dimas Pratama\Documents\!Tugas Kuliah\SEMESTER 6\CAPSTONE\UPDATE FINAL\BACKUP 3\quickdine\vendor\laravel\framework\src\Illuminate\Database\Connection.php:421
C:\Users\Dimas Pratama\Documents\!Tugas Kuliah\SEMESTER 6\CAPSTONE\UPDATE FINAL\BACKUP 3\quickdine\vendor\laravel\framework\src\Illuminate\Database\Connection.php:830
C:\Users\Dimas Pratama\Documents\!Tugas Kuliah\SEMESTER 6\CAPSTONE\UPDATE FINAL\BACKUP 3\quickdine\vendor\laravel\framework\src\Illuminate\Database\Connection.php:797
C:\Users\Dimas Pratama\Documents\!Tugas Kuliah\SEMESTER 6\CAPSTONE\UPDATE FINAL\BACKUP 3\quickdine\vendor\laravel\framework\src\Illuminate\Database\Connection.php:412
C:\Users\Dimas Pratama\Documents\!Tugas Kuliah\SEMESTER 6\CAPSTONE\UPDATE FINAL\BACKUP 3\quickdine\vendor\laravel\framework\src\Illuminate\Database\Connection.php:357
C:\Users\Dimas Pratama\Documents\!Tugas Kuliah\SEMESTER 6\CAPSTONE\UPDATE FINAL\BACKUP 3\quickdine\vendor\laravel\framework\src\Illuminate\Database\Connection.php:374
C:\Users\Dimas Pratama\Documents\!Tugas Kuliah\SEMESTER 6\CAPSTONE\UPDATE FINAL\BACKUP 3\quickdine\vendor\laravel\framework\src\Illuminate\Database\Schema\Builder.php:176
C:\Users\Dimas Pratama\Documents\!Tugas Kuliah\SEMESTER 6\CAPSTONE\UPDATE FINAL\BACKUP 3\quickdine\vendor\laravel\framework\src\Illuminate\Database\Migrations\DatabaseMigrationRepository.php:185
C:\Users\Dimas Pratama\Documents\!Tugas Kuliah\SEMESTER 6\CAPSTONE\UPDATE FINAL\BACKUP 3\quickdine\vendor\laravel\framework\src\Illuminate\Database\Migrations\Migrator.php:758
C:\Users\Dimas Pratama\Documents\!Tugas Kuliah\SEMESTER 6\CAPSTONE\UPDATE FINAL\BACKUP 3\quickdine\vendor\laravel\framework\src\Illuminate\Database\Console\Migrations\MigrateCommand.php:166
C:\Users\Dimas Pratama\Documents\!Tugas Kuliah\SEMESTER 6\CAPSTONE\UPDATE FINAL\BACKUP 3\quickdine\vendor\laravel\framework\src\Illuminate\Support\helpers.php:328
C:\Users\Dimas Pratama\Documents\!Tugas Kuliah\SEMESTER 6\CAPSTONE\UPDATE FINAL\BACKUP 3\quickdine\vendor\laravel\framework\src\Illuminate\Database\Console\Migrations\MigrateCommand.php:166
C:\Users\Dimas Pratama\Documents\!Tugas Kuliah\SEMESTER 6\CAPSTONE\UPDATE FINAL\BACKUP 3\quickdine\vendor\laravel\framework\src\Illuminate\Database\Console\Migrations\MigrateCommand.php:142
C:\Users\Dimas Pratama\Documents\!Tugas Kuliah\SEMESTER 6\CAPSTONE\UPDATE FINAL\BACKUP 3\quickdine\vendor\laravel\framework\src\Illuminate\Database\Console\Migrations\MigrateCommand.php:112
C:\Users\Dimas Pratama\Documents\!Tugas Kuliah\SEMESTER 6\CAPSTONE\UPDATE FINAL\BACKUP 3\quickdine\vendor\laravel\framework\src\Illuminate\Database\Migrations\Migrator.php:671
C:\Users\Dimas Pratama\Documents\!Tugas Kuliah\SEMESTER 6\CAPSTONE\UPDATE FINAL\BACKUP 3\quickdine\vendor\laravel\framework\src\Illuminate\Database\Console\Migrations\MigrateCommand.php:111
C:\Users\Dimas Pratama\Documents\!Tugas Kuliah\SEMESTER 6\CAPSTONE\UPDATE FINAL\BACKUP 3\quickdine\vendor\laravel\framework\src\Illuminate\Database\Console\Migrations\MigrateCommand.php:90
C:\Users\Dimas Pratama\Documents\!Tugas Kuliah\SEMESTER 6\CAPSTONE\UPDATE FINAL\BACKUP 3\quickdine\vendor\laravel\framework\src\Illuminate\Container\BoundMethod.php:36
C:\Users\Dimas Pratama\Documents\!Tugas Kuliah\SEMESTER 6\CAPSTONE\UPDATE FINAL\BACKUP 3\quickdine\vendor\laravel\framework\src\Illuminate\Container\Util.php:43
C:\Users\Dimas Pratama\Documents\!Tugas Kuliah\SEMESTER 6\CAPSTONE\UPDATE FINAL\BACKUP 3\quickdine\vendor\laravel\framework\src\Illuminate\Container\BoundMethod.php:96
C:\Users\Dimas Pratama\Documents\!Tugas Kuliah\SEMESTER 6\CAPSTONE\UPDATE FINAL\BACKUP 3\quickdine\vendor\laravel\framework\src\Illuminate\Container\BoundMethod.php:35
C:\Users\Dimas Pratama\Documents\!Tugas Kuliah\SEMESTER 6\CAPSTONE\UPDATE FINAL\BACKUP 3\quickdine\vendor\laravel\framework\src\Illuminate\Container\Container.php:799
C:\Users\Dimas Pratama\Documents\!Tugas Kuliah\SEMESTER 6\CAPSTONE\UPDATE FINAL\BACKUP 3\quickdine\vendor\laravel\framework\src\Illuminate\Console\Command.php:280
C:\Users\Dimas Pratama\Documents\!Tugas Kuliah\SEMESTER 6\CAPSTONE\UPDATE FINAL\BACKUP 3\quickdine\vendor\symfony\console\Command\Command.php:341
C:\Users\Dimas Pratama\Documents\!Tugas Kuliah\SEMESTER 6\CAPSTONE\UPDATE FINAL\BACKUP 3\quickdine\vendor\laravel\framework\src\Illuminate\Console\Command.php:249
C:\Users\Dimas Pratama\Documents\!Tugas Kuliah\SEMESTER 6\CAPSTONE\UPDATE FINAL\BACKUP 3\quickdine\vendor\laravel\framework\src\Illuminate\Console\Concerns\CallsCommands.php:68
C:\Users\Dimas Pratama\Documents\!Tugas Kuliah\SEMESTER 6\CAPSTONE\UPDATE FINAL\BACKUP 3\quickdine\vendor\laravel\framework\src\Illuminate\Console\Concerns\CallsCommands.php:29
C:\Users\Dimas Pratama\Documents\!Tugas Kuliah\SEMESTER 6\CAPSTONE\UPDATE FINAL\BACKUP 3\quickdine\vendor\laravel\framework\src\Illuminate\Database\Console\Migrations\FreshCommand.php:88
C:\Users\Dimas Pratama\Documents\!Tugas Kuliah\SEMESTER 6\CAPSTONE\UPDATE FINAL\BACKUP 3\quickdine\vendor\laravel\framework\src\Illuminate\Container\BoundMethod.php:36
C:\Users\Dimas Pratama\Documents\!Tugas Kuliah\SEMESTER 6\CAPSTONE\UPDATE FINAL\BACKUP 3\quickdine\vendor\laravel\framework\src\Illuminate\Container\Util.php:43
C:\Users\Dimas Pratama\Documents\!Tugas Kuliah\SEMESTER 6\CAPSTONE\UPDATE FINAL\BACKUP 3\quickdine\vendor\laravel\framework\src\Illuminate\Container\BoundMethod.php:96
C:\Users\Dimas Pratama\Documents\!Tugas Kuliah\SEMESTER 6\CAPSTONE\UPDATE FINAL\BACKUP 3\quickdine\vendor\laravel\framework\src\Illuminate\Container\BoundMethod.php:35
C:\Users\Dimas Pratama\Documents\!Tugas Kuliah\SEMESTER 6\CAPSTONE\UPDATE FINAL\BACKUP 3\quickdine\vendor\laravel\framework\src\Illuminate\Container\Container.php:799
C:\Users\Dimas Pratama\Documents\!Tugas Kuliah\SEMESTER 6\CAPSTONE\UPDATE FINAL\BACKUP 3\quickdine\vendor\laravel\framework\src\Illuminate\Console\Command.php:280
C:\Users\Dimas Pratama\Documents\!Tugas Kuliah\SEMESTER 6\CAPSTONE\UPDATE FINAL\BACKUP 3\quickdine\vendor\symfony\console\Command\Command.php:341
C:\Users\Dimas Pratama\Documents\!Tugas Kuliah\SEMESTER 6\CAPSTONE\UPDATE FINAL\BACKUP 3\quickdine\vendor\laravel\framework\src\Illuminate\Console\Command.php:249
C:\Users\Dimas Pratama\Documents\!Tugas Kuliah\SEMESTER 6\CAPSTONE\UPDATE FINAL\BACKUP 3\quickdine\vendor\symfony\console\Application.php:1094
C:\Users\Dimas Pratama\Documents\!Tugas Kuliah\SEMESTER 6\CAPSTONE\UPDATE FINAL\BACKUP 3\quickdine\vendor\symfony\console\Application.php:356
C:\Users\Dimas Pratama\Documents\!Tugas Kuliah\SEMESTER 6\CAPSTONE\UPDATE FINAL\BACKUP 3\quickdine\vendor\symfony\console\Application.php:195
C:\Users\Dimas Pratama\Documents\!Tugas Kuliah\SEMESTER 6\CAPSTONE\UPDATE FINAL\BACKUP 3\quickdine\vendor\laravel\framework\src\Illuminate\Console\Application.php:165
C:\Users\Dimas Pratama\Documents\!Tugas Kuliah\SEMESTER 6\CAPSTONE\UPDATE FINAL\BACKUP 3\quickdine\vendor\laravel\framework\src\Illuminate\Foundation\Console\Kernel.php:447
C:\Users\Dimas Pratama\Documents\!Tugas Kuliah\SEMESTER 6\CAPSTONE\UPDATE FINAL\BACKUP 3\quickdine\vendor\laravel\framework\src\Illuminate\Testing\PendingCommand.php:451
C:\Users\Dimas Pratama\Documents\!Tugas Kuliah\SEMESTER 6\CAPSTONE\UPDATE FINAL\BACKUP 3\quickdine\vendor\laravel\framework\src\Illuminate\Testing\PendingCommand.php:675
C:\Users\Dimas Pratama\Documents\!Tugas Kuliah\SEMESTER 6\CAPSTONE\UPDATE FINAL\BACKUP 3\quickdine\vendor\laravel\framework\src\Illuminate\Foundation\Testing\Concerns\InteractsWithConsole.php:87
C:\Users\Dimas Pratama\Documents\!Tugas Kuliah\SEMESTER 6\CAPSTONE\UPDATE FINAL\BACKUP 3\quickdine\vendor\laravel\framework\src\Illuminate\Foundation\Testing\RefreshDatabase.php:119
C:\Users\Dimas Pratama\Documents\!Tugas Kuliah\SEMESTER 6\CAPSTONE\UPDATE FINAL\BACKUP 3\quickdine\vendor\laravel\framework\src\Illuminate\Foundation\Testing\RefreshDatabase.php:84
C:\Users\Dimas Pratama\Documents\!Tugas Kuliah\SEMESTER 6\CAPSTONE\UPDATE FINAL\BACKUP 3\quickdine\vendor\laravel\framework\src\Illuminate\Foundation\Testing\RefreshDatabase.php:25
C:\Users\Dimas Pratama\Documents\!Tugas Kuliah\SEMESTER 6\CAPSTONE\UPDATE FINAL\BACKUP 3\quickdine\vendor\laravel\framework\src\Illuminate\Foundation\Testing\Concerns\InteractsWithTestCaseLifecycle.php:225
C:\Users\Dimas Pratama\Documents\!Tugas Kuliah\SEMESTER 6\CAPSTONE\UPDATE FINAL\BACKUP 3\quickdine\vendor\laravel\framework\src\Illuminate\Foundation\Testing\Concerns\InteractsWithTestCaseLifecycle.php:105
C:\Users\Dimas Pratama\Documents\!Tugas Kuliah\SEMESTER 6\CAPSTONE\UPDATE FINAL\BACKUP 3\quickdine\vendor\laravel\framework\src\Illuminate\Foundation\Testing\TestCase.php:75
C:\Users\Dimas Pratama\Documents\!Tugas Kuliah\SEMESTER 6\CAPSTONE\UPDATE FINAL\BACKUP 3\quickdine\tests\Feature\OrderFeatureTest.php:21

[37;41mERRORS![0m
[37;41mTests: 2[0m[37;41m, Assertions: 0[0m[37;41m, Errors: 2[0m[37;41m.[0m
